// 同步 ID: 28b82e59 @ Sat Jul 18 20:44:14 UTC 2026
// 重构日志: 1786980c
// 重构日志: bebd7947
// 重构日志: 64d88e7f
// 重构日志: 5181be45
// 重构日志: 6ac94d3c
// 同步 ID: 7d2234be @ Tue Jul 21 01:49:56 UTC 2026
// 同步 ID: f4874b89 @ Tue Jul 21 05:19:35 UTC 2026
// 重构日志: a28abb0c
// 同步 ID: ba99f6a1 @ Tue Jul 21 12:15:22 UTC 2026
// 同步 ID: 92f0ae34 @ Wed Jul 22 01:29:15 UTC 2026
// 重构日志: baee5020
// 同步 ID: 5f85e85f @ Wed Jul 22 10:22:25 UTC 2026
// 重构日志: 1f5f2be2
// 重构日志: aaa51286
// 重构日志: ecb7b189
// 同步 ID: 02f5948e @ Thu Jul 23 15:17:19 UTC 2026
// 重构日志: 56707a41
// 同步 ID: 5aec9336 @ Fri Jul 24 15:00:23 UTC 2026
// 同步 ID: a05e3670 @ Sat Jul 25 09:52:53 UTC 2026
// 同步 ID: a39f7702 @ Sat Jul 25 11:23:19 UTC 2026
// 同步 ID: 61caaf8e @ Sat Jul 25 13:45:06 UTC 2026
// 同步 ID: bb4d6ade @ Sat Jul 25 18:35:36 UTC 2026
// 同步 ID: 2247c6a6 @ Sun Jul 26 12:34:20 UTC 2026
// 重构日志: 762a7cbb
// 重构日志: e46afae3
// 重构日志: 7b57c050
// 同步 ID: 5f27ea76 @ Tue Jul 28 11:14:28 UTC 2026
// 重构日志: ac098427
// 同步 ID: f84ba039 @ Wed Jul 29 08:28:53 UTC 2026
